0: Incorrect label name 'stop'
1: Incorrect label name 'r4'
3: bad label name 'r7'
4: Incorrect instruction line
Bad input file - not outputting
