   0 7
0100 00001
0101 00002
0102 00003
0103 00004
0104 00005
0105 00006
0106 00007
