   6 0
0100 20504
0101 01472
0102 00014
0103 20504
0104 01442
0105 00024
