address for label 'L2' not found in assembly file
Bad input file - not outputting
