1: incorrect definition 'external'
Bad input file - not outputting
