No declaration in file
Bad input file - not outputting
