0 5
0100 77634
0101 00144
0102 00000
0103 01750
0104 76030
